// Jest Snapshot v1, https://goo.gl/fbAQLP

exports[`Containers - <ProductItem /> Wrapper Snapshot 1`] = `
<DocumentFragment>
  <div
    class="CardBoard ProductItem"
  >
    <figure
      class="ProductItemFigure"
    >
      <img
        alt="TEST_TITLE"
        src="TEST_IMAGE"
        title="TEST_TITLE"
      />
    </figure>
    <div>
      <p
        class="ProductItemPrice"
      >
        <span>
          $
        </span>
        300
      </p>
      <h2
        class="ProductItemTitle"
      >
        TEST_TITLE
      </h2>
    </div>
  </div>
</DocumentFragment>
`;
